Now using node v18.20.8 (npm v10.8.2)

> ourcalendar-server@0.0.1 start
> node index.js

Database backup created at /home/lizadmin/ourcalendar/server/data/events.db.bak.1769030027462
ourcalendar server listening on 5913 (db: /home/lizadmin/ourcalendar/server/data/events.db)
Failed to decrypt value: Error: Unsupported state or unable to authenticate data
    at Decipheriv.final (node:internal/crypto/cipher:199:29)
    at decryptString (/home/lizadmin/ourcalendar/server/index.js:140:451)
    at /home/lizadmin/ourcalendar/server/index.js:213:45
    at Array.map (<anonymous>)
    at /home/lizadmin/ourcalendar/server/index.js:213:20
    at Layer.handle [as handle_request] (/home/lizadmin/ourcalendar/node_modules/express/lib/router/layer.js:95:5)
    at next (/home/lizadmin/ourcalendar/node_modules/express/lib/router/route.js:149:13)
    at Route.dispatch (/home/lizadmin/ourcalendar/node_modules/express/lib/router/route.js:119:3)
    at Layer.handle [as handle_request] (/home/lizadmin/ourcalendar/node_modules/express/lib/router/layer.js:95:5)
    at /home/lizadmin/ourcalendar/node_modules/express/lib/router/index.js:284:15
Failed to decrypt value: Error: Unsupported state or unable to authenticate data
    at Decipheriv.final (node:internal/crypto/cipher:199:29)
    at decryptString (/home/lizadmin/ourcalendar/server/index.js:140:451)
    at /home/lizadmin/ourcalendar/server/index.js:213:45
    at Array.map (<anonymous>)
    at /home/lizadmin/ourcalendar/server/index.js:213:20
    at Layer.handle [as handle_request] (/home/lizadmin/ourcalendar/node_modules/express/lib/router/layer.js:95:5)
    at next (/home/lizadmin/ourcalendar/node_modules/express/lib/router/route.js:149:13)
    at Route.dispatch (/home/lizadmin/ourcalendar/node_modules/express/lib/router/route.js:119:3)
    at Layer.handle [as handle_request] (/home/lizadmin/ourcalendar/node_modules/express/lib/router/layer.js:95:5)
    at /home/lizadmin/ourcalendar/node_modules/express/lib/router/index.js:284:15
